---
source: libs/wingc/src/jsify/tests.rs
---
## Code

```w

    class Base {
      protected inflight f: str;
      inflight new() {
        this.f = "hello";
      }
    }

    class Derived extends Base {
      inflight g: str;
      inflight new() {
        this.g = "world";
      }

      inflight foo() {
        this.f;
        this.g;
      }
    }
    
```

## inflight.Base-1.js

```js
"use strict";
const $helpers = require("@winglang/sdk/lib/helpers");
module.exports = function({  }) {
  class Base {
    constructor({  }) {
    }
    async $inflight_init() {
      this.f = "hello";
    }
  }
  return Base;
}
//# sourceMappingURL=inflight.Base-1.js.map
```

## inflight.Derived-1.js

```js
"use strict";
const $helpers = require("@winglang/sdk/lib/helpers");
module.exports = function({ $Base }) {
  class Derived extends $Base {
    constructor({  }) {
      super({  });
    }
    async foo() {
      this.f;
      this.g;
    }
    async $inflight_init() {
      this.g = "world";
    }
  }
  return Derived;
}
//# sourceMappingURL=inflight.Derived-1.js.map
```

## preflight.js

```js
"use strict";
const $stdlib = require('@winglang/sdk');
const $platforms = ((s) => !s ? [] : s.split(';'))(process.env.WING_PLATFORMS);
const $outdir = process.env.WING_SYNTH_DIR ?? ".";
const $wing_is_test = process.env.WING_IS_TEST === "true";
const std = $stdlib.std;
const $helpers = $stdlib.helpers;
class $Root extends $stdlib.std.Resource {
  constructor($scope, $id) {
    super($scope, $id);
    class Base extends $stdlib.std.Resource {
      constructor($scope, $id, ) {
        super($scope, $id);
      }
      static _toInflightType() {
        return `
          require("${$helpers.normalPath(__dirname)}/inflight.Base-1.js")({
          })
        `;
      }
      _toInflight() {
        return `
          (await (async () => {
            const BaseClient = ${Base._toInflightType()};
            const client = new BaseClient({
            });
            if (client.$inflight_init) { await client.$inflight_init(); }
            return client;
          })())
        `;
      }
      get _liftMap() {
        return ({
          "$inflight_init": [
          ],
          "f": [
          ],
        });
      }
    }
    class Derived extends Base {
      constructor($scope, $id, ) {
        super($scope, $id);
      }
      static _toInflightType() {
        return `
          require("${$helpers.normalPath(__dirname)}/inflight.Derived-1.js")({
            $Base: ${$stdlib.core.liftObject(Base)},
          })
        `;
      }
      _toInflight() {
        return `
          (await (async () => {
            const DerivedClient = ${Derived._toInflightType()};
            const client = new DerivedClient({
            });
            if (client.$inflight_init) { await client.$inflight_init(); }
            return client;
          })())
        `;
      }
      get _liftMap() {
        return $stdlib.core.mergeLiftDeps(super._liftMap, {
          "foo": [
          ],
          "$inflight_init": [
          ],
          "g": [
          ],
        });
      }
    }
  }
}
const $PlatformManager = new $stdlib.platform.PlatformManager({platformPaths: $platforms});
const $APP = $PlatformManager.createApp({ outdir: $outdir, name: "main", rootConstruct: $Root, isTestEnvironment: $wing_is_test, entrypointDir: process.env['WING_SOURCE_DIR'], rootId: process.env['WING_ROOT_ID'] });
$APP.synth();
//# sourceMappingURL=preflight.js.map
```

