---
source: libs/wingc/src/jsify/tests.rs
---
## Code

```w

    bring cloud;
    let bucket_this = new cloud.Bucket();
    let fn = inflight () => {
      bucket_this.put("this", "is not a field");
    };
    
```

## inflight.$Closure1-1.js

```js
"use strict";
const $helpers = require("@winglang/sdk/lib/helpers");
module.exports = function({ $bucket_this }) {
  class $Closure1 {
    constructor({  }) {
      const $obj = (...args) => this.handle(...args);
      Object.setPrototypeOf($obj, this);
      return $obj;
    }
    async handle() {
      (await $bucket_this.put("this", "is not a field"));
    }
  }
  return $Closure1;
}
//# sourceMappingURL=inflight.$Closure1-1.js.map
```

## preflight.js

```js
"use strict";
const $stdlib = require('@winglang/sdk');
const $platforms = ((s) => !s ? [] : s.split(';'))(process.env.WING_PLATFORMS);
const $outdir = process.env.WING_SYNTH_DIR ?? ".";
const $wing_is_test = process.env.WING_IS_TEST === "true";
const std = $stdlib.std;
const $helpers = $stdlib.helpers;
const cloud = $stdlib.cloud;
class $Root extends $stdlib.std.Resource {
  constructor($scope, $id) {
    super($scope, $id);
    class $Closure1 extends $stdlib.std.AutoIdResource {
      _id = $stdlib.core.closureId();
      constructor($scope, $id, ) {
        super($scope, $id);
        $helpers.nodeof(this).hidden = true;
      }
      static _toInflightType() {
        return `
          require("${$helpers.normalPath(__dirname)}/inflight.$Closure1-1.js")({
            $bucket_this: ${$stdlib.core.liftObject(bucket_this)},
          })
        `;
      }
      _toInflight() {
        return `
          (await (async () => {
            const $Closure1Client = ${$Closure1._toInflightType()};
            const client = new $Closure1Client({
            });
            if (client.$inflight_init) { await client.$inflight_init(); }
            return client;
          })())
        `;
      }
      _supportedOps() {
        return [...super._supportedOps(), "handle", "$inflight_init"];
      }
      onLift(host, ops) {
        $stdlib.core.onLiftMatrix(host, ops, {
          "handle": [
            [bucket_this, ["put"]],
          ],
        });
        super.onLift(host, ops);
      }
    }
    const bucket_this = this.node.root.new("@winglang/sdk.cloud.Bucket", cloud.Bucket, this, "cloud.Bucket");
    const fn = new $Closure1(this, "$Closure1");
  }
}
const $PlatformManager = new $stdlib.platform.PlatformManager({platformPaths: $platforms});
const $APP = $PlatformManager.createApp({ outdir: $outdir, name: "main", rootConstruct: $Root, isTestEnvironment: $wing_is_test, entrypointDir: process.env['WING_SOURCE_DIR'], rootId: process.env['WING_ROOT_ID'] });
$APP.synth();
//# sourceMappingURL=preflight.js.map
```

