---
source: libs/wingc/src/jsify/tests.rs
---
## Code

```w

    bring cloud;
    let api = new cloud.Api();
    test "test" {
      log(api.url);
    }
```

## inflight.$Closure1-1.js

```js
"use strict";
module.exports = function({ $api_url }) {
  class $Closure1 {
    constructor({  }) {
      const $obj = (...args) => this.handle(...args);
      Object.setPrototypeOf($obj, this);
      return $obj;
    }
    async handle() {
      {console.log($api_url)};
    }
  }
  return $Closure1;
}
```

## preflight.js

```js
"use strict";
const $stdlib = require('@winglang/sdk');
const $plugins = ((s) => !s ? [] : s.split(';'))(process.env.WING_PLUGIN_PATHS);
const $outdir = process.env.WING_SYNTH_DIR ?? ".";
const $wing_is_test = process.env.WING_IS_TEST === "true";
const std = $stdlib.std;
const cloud = $stdlib.cloud;
class $Root extends $stdlib.std.Resource {
  constructor(scope, id) {
    super(scope, id);
    class $Closure1 extends $stdlib.std.Resource {
      constructor(scope, id, ) {
        super(scope, id);
        (std.Node.of(this)).hidden = true;
      }
      static _toInflightType(context) {
        return `
          require("./inflight.$Closure1-1.js")({
            $api_url: ${context._lift(api.url)},
          })
        `;
      }
      _toInflight() {
        return `
          (await (async () => {
            const $Closure1Client = ${$Closure1._toInflightType(this)};
            const client = new $Closure1Client({
            });
            if (client.$inflight_init) { await client.$inflight_init(); }
            return client;
          })())
        `;
      }
      _getInflightOps() {
        return ["handle", "$inflight_init"];
      }
      _registerOnLift(host, ops) {
        if (ops.includes("handle")) {
          $Closure1._registerOnLiftObject(api.url, host, []);
        }
        super._registerOnLift(host, ops);
      }
    }
    const api = this.node.root.newAbstract("@winglang/sdk.cloud.Api",this,"cloud.Api");
    this.node.root.new("@winglang/sdk.std.Test",std.Test,this,"test:test",new $Closure1(this,"$Closure1"));
  }
}
const $App = $stdlib.core.App.for(process.env.WING_TARGET);
new $App({ outdir: $outdir, name: "main", rootConstruct: $Root, plugins: $plugins, isTestEnvironment: $wing_is_test, entrypointDir: process.env['WING_SOURCE_DIR'], rootId: process.env['WING_ROOT_ID'] }).synth();
```

