---
source: libs/wingc/src/jsify/tests.rs
---
## Code

```w

    bring cloud;
    class A {
      bucket_this: cloud.Bucket;

      new() { this.bucket_this = new cloud.Bucket(); }

      inflight foo() {
        (this.bucket_this).put("hello", "world");
      }
    }
    
```

## inflight.A-1.js

```js
"use strict";
const $helpers = require("@winglang/sdk/lib/helpers");
module.exports = function({  }) {
  class A {
    constructor({ $this_bucket_this }) {
      this.$this_bucket_this = $this_bucket_this;
    }
    async foo() {
      (await this.$this_bucket_this.put("hello", "world"));
    }
  }
  return A;
}
//# sourceMappingURL=inflight.A-1.js.map
```

## preflight.js

```js
"use strict";
const $stdlib = require('@winglang/sdk');
const $platforms = ((s) => !s ? [] : s.split(';'))(process.env.WING_PLATFORMS);
const $outdir = process.env.WING_SYNTH_DIR ?? ".";
const $wing_is_test = process.env.WING_IS_TEST === "true";
const std = $stdlib.std;
const $helpers = $stdlib.helpers;
const cloud = $stdlib.cloud;
class $Root extends $stdlib.std.Resource {
  constructor($scope, $id) {
    super($scope, $id);
    class A extends $stdlib.std.Resource {
      constructor($scope, $id, ) {
        super($scope, $id);
        this.bucket_this = this.node.root.new("@winglang/sdk.cloud.Bucket", cloud.Bucket, this, "cloud.Bucket");
      }
      static _toInflightType() {
        return `
          require("./inflight.A-1.js")({
          })
        `;
      }
      _toInflight() {
        return `
          (await (async () => {
            const AClient = ${A._toInflightType(this)};
            const client = new AClient({
              $this_bucket_this: ${$stdlib.core.liftObject(this.bucket_this)},
            });
            if (client.$inflight_init) { await client.$inflight_init(); }
            return client;
          })())
        `;
      }
      _supportedOps() {
        return [...super._supportedOps(), "foo", "$inflight_init"];
      }
      _registerOnLift(host, ops) {
        if (ops.includes("$inflight_init")) {
          A._registerOnLiftObject(this.bucket_this, host, []);
        }
        if (ops.includes("foo")) {
          A._registerOnLiftObject(this.bucket_this, host, ["put"]);
        }
        super._registerOnLift(host, ops);
      }
    }
  }
}
const $PlatformManager = new $stdlib.platform.PlatformManager({platformPaths: $platforms});
const $APP = $PlatformManager.createApp({ outdir: $outdir, name: "main", rootConstruct: $Root, isTestEnvironment: $wing_is_test, entrypointDir: process.env['WING_SOURCE_DIR'], rootId: process.env['WING_ROOT_ID'] });
$APP.synth();
//# sourceMappingURL=preflight.js.map
```

