---
source: libs/wingc/src/jsify/tests.rs
---
## Code

```w

    class Foo {
      inflight x: num;
      inflight new() {
        this.x = 42;
      }
      inflight bar(): num { 
        return this.x;
      }
      pub inflight foo(): num { 
        return this.bar() / 2;
      }
    }
    
    let f = new Foo();
    
    test "test" {
      assert(f.foo() == 21);
    }
    
```

## inflight.$Closure1-1.cjs

```js
"use strict";
const $helpers = require("@winglang/sdk/lib/helpers");
const $macros = require("@winglang/sdk/lib/macros");
module.exports = function({ $f }) {
  class $Closure1 {
    constructor($args) {
      const {  } = $args;
      const $obj = (...args) => this.handle(...args);
      Object.setPrototypeOf($obj, this);
      return $obj;
    }
    async handle() {
      $helpers.assert($helpers.eq((await $f.foo()), 21), "f.foo() == 21");
    }
  }
  return $Closure1;
}
//# sourceMappingURL=inflight.$Closure1-1.cjs.map
```

## inflight.Foo-1.cjs

```js
"use strict";
const $helpers = require("@winglang/sdk/lib/helpers");
const $macros = require("@winglang/sdk/lib/macros");
module.exports = function({  }) {
  class Foo {
    async bar() {
      return this.x;
    }
    async foo() {
      return ((await this.bar()) / 2);
    }
    async $inflight_init() {
      this.x = 42;
    }
  }
  return Foo;
}
//# sourceMappingURL=inflight.Foo-1.cjs.map
```

## preflight.cjs

```js
"use strict";
const $stdlib = require('@winglang/sdk');
const $macros = require("@winglang/sdk/lib/macros");
const $platforms = ((s) => !s ? [] : s.split(';'))(process.env.WING_PLATFORMS);
const $outdir = process.env.WING_SYNTH_DIR ?? ".";
const $wing_is_test = process.env.WING_IS_TEST === "true";
const std = $stdlib.std;
const $helpers = $stdlib.helpers;
const $extern = $helpers.createExternRequire(__dirname);
const $PlatformManager = new $stdlib.platform.PlatformManager({platformPaths: $platforms});
class $Root extends $stdlib.std.Resource {
  constructor($scope, $id) {
    super($scope, $id);
    $helpers.nodeof(this).root.$preflightTypesMap = { };
    let $preflightTypesMap = {};
    $helpers.nodeof(this).root.$preflightTypesMap = $preflightTypesMap;
    class Foo extends $stdlib.std.Resource {
      constructor($scope, $id, ) {
        super($scope, $id);
      }
      static _toInflightType() {
        return `
          require("${$helpers.normalPath(__dirname)}/inflight.Foo-1.cjs")({
          })
        `;
      }
      get _liftMap() {
        return ({
          "bar": [
          ],
          "foo": [
            [this, ["bar"]],
          ],
          "$inflight_init": [
          ],
          "x": [
          ],
        });
      }
    }
    class $Closure1 extends $stdlib.std.AutoIdResource {
      _id = $stdlib.core.closureId();
      constructor($scope, $id, ) {
        super($scope, $id);
        $helpers.nodeof(this).hidden = true;
      }
      static _toInflightType() {
        return `
          require("${$helpers.normalPath(__dirname)}/inflight.$Closure1-1.cjs")({
            $f: ${$stdlib.core.liftObject(f)},
          })
        `;
      }
      get _liftMap() {
        return ({
          "handle": [
            [f, ["foo"]],
          ],
          "$inflight_init": [
            [f, []],
          ],
        });
      }
    }
    const f = new Foo(this, "Foo");
    globalThis.$ClassFactory.new("@winglang/sdk.std.Test", std.Test, this, "test:test", new $Closure1(this, "$Closure1"));
  }
}
const $APP = $PlatformManager.createApp({ outdir: $outdir, name: "main", rootConstruct: $Root, isTestEnvironment: $wing_is_test, entrypointDir: process.env['WING_SOURCE_DIR'], rootId: process.env['WING_ROOT_ID'] });
$APP.synth();
//# sourceMappingURL=preflight.cjs.map
```

