---
source: libs/wingc/src/jsify/tests.rs
---
## Code

```w

    bring cloud;

    let bucket = new cloud.Bucket();
    
    let fn = inflight () => {
      bucket.put("hello", "world");
    };
    
    test "test" {
      fn();
    }
    
```

## inflight.$Closure1-1.js

```js
"use strict";
const $helpers = require("@winglang/sdk/lib/helpers");
module.exports = function({ $bucket }) {
  class $Closure1 {
    constructor({  }) {
      const $obj = (...args) => this.handle(...args);
      Object.setPrototypeOf($obj, this);
      return $obj;
    }
    async handle() {
      (await $bucket.put("hello", "world"));
    }
  }
  return $Closure1;
}
//# sourceMappingURL=inflight.$Closure1-1.js.map
```

## inflight.$Closure2-1.js

```js
"use strict";
const $helpers = require("@winglang/sdk/lib/helpers");
module.exports = function({ $fn }) {
  class $Closure2 {
    constructor({  }) {
      const $obj = (...args) => this.handle(...args);
      Object.setPrototypeOf($obj, this);
      return $obj;
    }
    async handle() {
      (await $fn());
    }
  }
  return $Closure2;
}
//# sourceMappingURL=inflight.$Closure2-1.js.map
```

## preflight.js

```js
"use strict";
const $stdlib = require('@winglang/sdk');
const $platforms = ((s) => !s ? [] : s.split(';'))(process.env.WING_PLATFORMS);
const $outdir = process.env.WING_SYNTH_DIR ?? ".";
const $wing_is_test = process.env.WING_IS_TEST === "true";
const std = $stdlib.std;
const $helpers = $stdlib.helpers;
const cloud = $stdlib.cloud;
class $Root extends $stdlib.std.Resource {
  constructor($scope, $id) {
    super($scope, $id);
    class $Closure1 extends $stdlib.std.Resource {
      _hash = require('crypto').createHash('md5').update(this._toInflight()).digest('hex');
      constructor($scope, $id, ) {
        super($scope, $id);
        (std.Node.of(this)).hidden = true;
      }
      static _toInflightType() {
        return `
          require("./inflight.$Closure1-1.js")({
            $bucket: ${$stdlib.core.liftObject(bucket)},
          })
        `;
      }
      _toInflight() {
        return `
          (await (async () => {
            const $Closure1Client = ${$Closure1._toInflightType(this)};
            const client = new $Closure1Client({
            });
            if (client.$inflight_init) { await client.$inflight_init(); }
            return client;
          })())
        `;
      }
      _supportedOps() {
        return [...super._supportedOps(), "handle", "$inflight_init"];
      }
      _registerOnLift(host, ops) {
        if (ops.includes("handle")) {
          $Closure1._registerOnLiftObject(bucket, host, ["put"]);
        }
        super._registerOnLift(host, ops);
      }
    }
    class $Closure2 extends $stdlib.std.Resource {
      _hash = require('crypto').createHash('md5').update(this._toInflight()).digest('hex');
      constructor($scope, $id, ) {
        super($scope, $id);
        (std.Node.of(this)).hidden = true;
      }
      static _toInflightType() {
        return `
          require("./inflight.$Closure2-1.js")({
            $fn: ${$stdlib.core.liftObject(fn)},
          })
        `;
      }
      _toInflight() {
        return `
          (await (async () => {
            const $Closure2Client = ${$Closure2._toInflightType(this)};
            const client = new $Closure2Client({
            });
            if (client.$inflight_init) { await client.$inflight_init(); }
            return client;
          })())
        `;
      }
      _supportedOps() {
        return [...super._supportedOps(), "handle", "$inflight_init"];
      }
      _registerOnLift(host, ops) {
        if (ops.includes("handle")) {
          $Closure2._registerOnLiftObject(fn, host, ["handle"]);
        }
        super._registerOnLift(host, ops);
      }
    }
    const bucket = this.node.root.new("@winglang/sdk.cloud.Bucket", cloud.Bucket, this, "cloud.Bucket");
    const fn = new $Closure1(this, "$Closure1");
    this.node.root.new("@winglang/sdk.std.Test", std.Test, this, "test:test", new $Closure2(this, "$Closure2"));
  }
}
const $PlatformManager = new $stdlib.platform.PlatformManager({platformPaths: $platforms});
const $APP = $PlatformManager.createApp({ outdir: $outdir, name: "main", rootConstruct: $Root, isTestEnvironment: $wing_is_test, entrypointDir: process.env['WING_SOURCE_DIR'], rootId: process.env['WING_ROOT_ID'] });
$APP.synth();
//# sourceMappingURL=preflight.js.map
```

