---
source: libs/wingc/src/jsify/tests.rs
---
## Code

```w

    bring cloud;

    class MyType {
      pub b: cloud.Bucket;
      new() {
        this.b = new cloud.Bucket();
      }
    }

    let t = new MyType();

    test "test" {
      t.b.put("hello", "world");
    }
    
```

## inflight.$Closure1-1.js

```js
"use strict";
const $helpers = require("@winglang/sdk/lib/helpers");
module.exports = function({ $t_b }) {
  class $Closure1 {
    constructor({  }) {
      const $obj = (...args) => this.handle(...args);
      Object.setPrototypeOf($obj, this);
      return $obj;
    }
    async handle() {
      (await $t_b.put("hello", "world"));
    }
  }
  return $Closure1;
}
//# sourceMappingURL=inflight.$Closure1-1.js.map
```

## inflight.MyType-1.js

```js
"use strict";
const $helpers = require("@winglang/sdk/lib/helpers");
module.exports = function({  }) {
  class MyType {
    constructor({  }) {
    }
  }
  return MyType;
}
//# sourceMappingURL=inflight.MyType-1.js.map
```

## preflight.js

```js
"use strict";
const $stdlib = require('@winglang/sdk');
const $platforms = ((s) => !s ? [] : s.split(';'))(process.env.WING_PLATFORMS);
const $outdir = process.env.WING_SYNTH_DIR ?? ".";
const $wing_is_test = process.env.WING_IS_TEST === "true";
const std = $stdlib.std;
const $helpers = $stdlib.helpers;
const cloud = $stdlib.cloud;
class $Root extends $stdlib.std.Resource {
  constructor($scope, $id) {
    super($scope, $id);
    class MyType extends $stdlib.std.Resource {
      constructor($scope, $id, ) {
        super($scope, $id);
        this.b = this.node.root.new("@winglang/sdk.cloud.Bucket", cloud.Bucket, this, "cloud.Bucket");
      }
      static _toInflightType() {
        return `
          require("${$helpers.normalPath(__dirname)}/inflight.MyType-1.js")({
          })
        `;
      }
      _toInflight() {
        return `
          (await (async () => {
            const MyTypeClient = ${MyType._toInflightType()};
            const client = new MyTypeClient({
            });
            if (client.$inflight_init) { await client.$inflight_init(); }
            return client;
          })())
        `;
      }
      get _liftMap() {
        return ({
          "$inflight_init": [
          ],
        });
      }
    }
    class $Closure1 extends $stdlib.std.AutoIdResource {
      _id = $stdlib.core.closureId();
      constructor($scope, $id, ) {
        super($scope, $id);
        $helpers.nodeof(this).hidden = true;
      }
      static _toInflightType() {
        return `
          require("${$helpers.normalPath(__dirname)}/inflight.$Closure1-1.js")({
            $t_b: ${$stdlib.core.liftObject(t.b)},
          })
        `;
      }
      _toInflight() {
        return `
          (await (async () => {
            const $Closure1Client = ${$Closure1._toInflightType()};
            const client = new $Closure1Client({
            });
            if (client.$inflight_init) { await client.$inflight_init(); }
            return client;
          })())
        `;
      }
      get _liftMap() {
        return ({
          "handle": [
            [t.b, ["put"]],
          ],
          "$inflight_init": [
          ],
        });
      }
    }
    const t = new MyType(this, "MyType");
    this.node.root.new("@winglang/sdk.std.Test", std.Test, this, "test:test", new $Closure1(this, "$Closure1"));
  }
}
const $PlatformManager = new $stdlib.platform.PlatformManager({platformPaths: $platforms});
const $APP = $PlatformManager.createApp({ outdir: $outdir, name: "main", rootConstruct: $Root, isTestEnvironment: $wing_is_test, entrypointDir: process.env['WING_SOURCE_DIR'], rootId: process.env['WING_ROOT_ID'] });
$APP.synth();
//# sourceMappingURL=preflight.js.map
```

