---
source: libs/wingc/src/jsify/tests.rs
---
## Errors
Unable to reassign a captured variable 6:10
