---
source: libs/wingc/src/jsify/tests.rs
---
## Code

```w

    test "test" {
      log(str.fromJson("hello"));
      assert(Json.values(Json {}).length == 0);
    }
    
```

## inflight.$Closure1-1.cjs

```js
"use strict";
const $helpers = require("@winglang/sdk/lib/helpers");
const $macros = require("@winglang/sdk/lib/macros");
module.exports = function({ $std_Json, $std_String }) {
  class $Closure1 {
    constructor($args) {
      const {  } = $args;
      const $obj = (...args) => this.handle(...args);
      Object.setPrototypeOf($obj, this);
      return $obj;
    }
    async handle() {
      console.log((await $std_String.fromJson("hello")));
      $helpers.assert($helpers.eq($macros.__Json_values(false, $std_Json, ({})).length, 0), "Json.values(Json {}).length == 0");
    }
  }
  return $Closure1;
}
//# sourceMappingURL=inflight.$Closure1-1.cjs.map
```

## preflight.cjs

```js
"use strict";
const $stdlib = require('@winglang/sdk');
const $macros = require("@winglang/sdk/lib/macros");
const $platforms = ((s) => !s ? [] : s.split(';'))(process.env.WING_PLATFORMS);
const $outdir = process.env.WING_SYNTH_DIR ?? ".";
const $wing_is_test = process.env.WING_IS_TEST === "true";
const std = $stdlib.std;
const $helpers = $stdlib.helpers;
const $extern = $helpers.createExternRequire(__dirname);
const $PlatformManager = new $stdlib.platform.PlatformManager({platformPaths: $platforms});
class $Root extends $stdlib.std.Resource {
  constructor($scope, $id) {
    super($scope, $id);
    $helpers.nodeof(this).root.$preflightTypesMap = { };
    let $preflightTypesMap = {};
    $helpers.nodeof(this).root.$preflightTypesMap = $preflightTypesMap;
    class $Closure1 extends $stdlib.std.AutoIdResource {
      _id = $stdlib.core.closureId();
      constructor($scope, $id, ) {
        super($scope, $id);
        $helpers.nodeof(this).hidden = true;
      }
      static _toInflightType() {
        return `
          require("${$helpers.normalPath(__dirname)}/inflight.$Closure1-1.cjs")({
            $std_Json: ${$stdlib.core.liftObject($stdlib.core.toLiftableModuleType(globalThis.$ClassFactory.resolveType("@winglang/sdk.std.Json") ?? std.Json, "@winglang/sdk/std", "Json"))},
            $std_String: ${$stdlib.core.liftObject($stdlib.core.toLiftableModuleType(globalThis.$ClassFactory.resolveType("@winglang/sdk.std.String") ?? std.String, "@winglang/sdk/std", "String"))},
          })
        `;
      }
      get _liftMap() {
        return ({
          "handle": [
            [$stdlib.core.toLiftableModuleType(globalThis.$ClassFactory.resolveType("@winglang/sdk.std.Json") ?? std.Json, "@winglang/sdk/std", "Json"), ["values"]],
            [$stdlib.core.toLiftableModuleType(globalThis.$ClassFactory.resolveType("@winglang/sdk.std.String") ?? std.String, "@winglang/sdk/std", "String"), ["fromJson"]],
          ],
          "$inflight_init": [
            [$stdlib.core.toLiftableModuleType(globalThis.$ClassFactory.resolveType("@winglang/sdk.std.Json") ?? std.Json, "@winglang/sdk/std", "Json"), []],
            [$stdlib.core.toLiftableModuleType(globalThis.$ClassFactory.resolveType("@winglang/sdk.std.String") ?? std.String, "@winglang/sdk/std", "String"), []],
          ],
        });
      }
    }
    globalThis.$ClassFactory.new("@winglang/sdk.std.Test", std.Test, this, "test:test", new $Closure1(this, "$Closure1"));
  }
}
const $APP = $PlatformManager.createApp({ outdir: $outdir, name: "main", rootConstruct: $Root, isTestEnvironment: $wing_is_test, entrypointDir: process.env['WING_SOURCE_DIR'], rootId: process.env['WING_ROOT_ID'] });
$APP.synth();
//# sourceMappingURL=preflight.cjs.map
```

