---
source: libs/wingc/src/jsify/tests.rs
---
## Errors
Cannot qualify access to a lifted object 6:6
