---
source: libs/wingc/src/lsp/completions.rs
---
- label: new
  kind: 15
  sortText: ll|new
  insertText: "new($1) {\n\t$0\n}"
  insertTextFormat: 2

