// Vitest Snapshot v1, https://vitest.dev/guide/snapshot.html

exports[`projectTemplateNames > should list project templates 1`] = `
[
  "http-api",
]
`;
