---
source: packages/@winglang/wingc/src/jsify/tests.rs
---
## Code

```w

    enum MyEnum { B, C }
    let x = MyEnum.C;

    test "test" {
      assert(MyEnum.B != MyEnum.C);
      assert(x == MyEnum.C);
    }
    
```

## inflight.$Closure1-1.cjs

```js
"use strict";
const $helpers = require("@winglang/sdk/lib/helpers");
const $macros = require("@winglang/sdk/lib/macros");
module.exports = function({ $MyEnum, $x }) {
  class $Closure1 {
    constructor($args) {
      const {  } = $args;
      const $obj = (...args) => this.handle(...args);
      Object.setPrototypeOf($obj, this);
      return $obj;
    }
    async handle() {
      $helpers.assert($helpers.neq($MyEnum.B, $MyEnum.C), "MyEnum.B != MyEnum.C");
      $helpers.assert($helpers.eq($x, $MyEnum.C), "x == MyEnum.C");
    }
  }
  return $Closure1;
}
//# sourceMappingURL=inflight.$Closure1-1.cjs.map
```

## preflight.cjs

```js
"use strict";
const $stdlib = require('@winglang/sdk');
const $macros = require("@winglang/sdk/lib/macros");
const $platforms = ((s) => !s ? [] : s.split(';'))(process.env.WING_PLATFORMS);
const $outdir = process.env.WING_SYNTH_DIR ?? ".";
const $wing_is_test = process.env.WING_IS_TEST === "true";
const std = $stdlib.std;
const $helpers = $stdlib.helpers;
const $extern = $helpers.createExternRequire(__dirname);
const $types = require("./types.cjs");
const $PlatformManager = new $stdlib.platform.PlatformManager({platformPaths: $platforms});
class $Root extends $stdlib.std.Resource {
  constructor($scope, $id) {
    super($scope, $id);
    $helpers.nodeof(this).root.$preflightTypesMap = { };
    let $preflightTypesMap = {};
    $helpers.nodeof(this).root.$preflightTypesMap = $preflightTypesMap;
    const MyEnum =
      (function (tmp) {
        tmp["B"] = "B";
        tmp["C"] = "C";
        return tmp;
      })({})
    ;
    class $Closure1 extends $stdlib.std.AutoIdResource {
      _id = $stdlib.core.closureId();
      constructor($scope, $id, ) {
        super($scope, $id);
        $helpers.nodeof(this).hidden = true;
      }
      static _toInflightType() {
        return `
          require("${$helpers.normalPath(__dirname)}/inflight.$Closure1-1.cjs")({
            $MyEnum: ${$stdlib.core.liftObject(MyEnum)},
            $x: ${$stdlib.core.liftObject(x)},
          })
        `;
      }
      get _liftMap() {
        return ({
          "handle": [
            [MyEnum, [].concat(["B"], ["C"])],
            [x, []],
          ],
          "$inflight_init": [
            [MyEnum, []],
            [x, []],
          ],
        });
      }
    }
    const x = MyEnum.C;
    globalThis.$ClassFactory.new("@winglang/sdk.std.Test", std.Test, this, "test:test", new $Closure1(this, "$Closure1"));
  }
}
const $APP = $PlatformManager.createApp({ outdir: $outdir, name: "main", rootConstruct: $Root, isTestEnvironment: $wing_is_test, entrypointDir: process.env['WING_SOURCE_DIR'], rootId: process.env['WING_ROOT_ID'] });
$APP.synth();
//# sourceMappingURL=preflight.cjs.map
```

## types.cjs

```js
const std = require("@winglang/sdk").std;
const $types = {};
module.exports = $types;
```

