---
source: libs/wingc/src/jsify/tests.rs
---
## Code

```w

    inflight class MyType {
      field: str;
      new() { this.field = "hi"; }
  
      getField(): str {
        return this.field;
      }
    }
  
```

## inflight.MyType-1.cjs

```js
"use strict";
const $helpers = require("@winglang/sdk/lib/helpers");
const $macros = require("@winglang/sdk/lib/macros");
module.exports = function({  }) {
  class MyType {
    async getField() {
      return this.field;
    }
    constructor(){
      this.$inflight_init = async () => {
        this.field = "hi";
      }
    }
  }
  return MyType;
}
//# sourceMappingURL=inflight.MyType-1.cjs.map
```

## preflight.cjs

```js
"use strict";
const $stdlib = require('@winglang/sdk');
const $macros = require("@winglang/sdk/lib/macros");
const $platforms = ((s) => !s ? [] : s.split(';'))(process.env.WING_PLATFORMS);
const $outdir = process.env.WING_SYNTH_DIR ?? ".";
const $wing_is_test = process.env.WING_IS_TEST === "true";
const std = $stdlib.std;
const $helpers = $stdlib.helpers;
const $extern = $helpers.createExternRequire(__dirname);
const $PlatformManager = new $stdlib.platform.PlatformManager({platformPaths: $platforms});
class $Root extends $stdlib.std.Resource {
  constructor($scope, $id) {
    super($scope, $id);
    $helpers.nodeof(this).root.$preflightTypesMap = { };
    let $preflightTypesMap = {};
    $helpers.nodeof(this).root.$preflightTypesMap = $preflightTypesMap;
    class MyType extends $stdlib.std.Resource {
      constructor($scope, $id, ) {
        super($scope, $id);
      }
      static _toInflightType() {
        return `
          require("${$helpers.normalPath(__dirname)}/inflight.MyType-1.cjs")({
          })
        `;
      }
      get _liftMap() {
        return ({
          "getField": [
            [this, ["field"]],
          ],
          "$inflight_init": [
            [this, ["field"]],
          ],
          "field": [
          ],
        });
      }
    }
    if ($preflightTypesMap[1]) { throw new Error("MyType is already in type map"); }
    $preflightTypesMap[1] = MyType;
  }
}
const $APP = $PlatformManager.createApp({ outdir: $outdir, name: "main", rootConstruct: $Root, isTestEnvironment: $wing_is_test, entrypointDir: process.env['WING_SOURCE_DIR'], rootId: process.env['WING_ROOT_ID'] });
$APP.synth();
//# sourceMappingURL=preflight.cjs.map
```

