// Vitest Snapshot v1, https://vitest.dev/guide/snapshot.html

exports[`tree.json for an app with many resources 1`] = `
{
  "tree": {
    "children": {
      "root": {
        "children": {
          "Default": {
            "children": {
              "Code": {
                "constructInfo": {
                  "fqn": "cdktf.TerraformResource",
                  "version": "0.17.0",
                },
                "id": "Code",
                "path": "root/Default/Code",
              },
              "Default": {
                "children": {
                  "$Closure1_0": {
                    "constructInfo": {
                      "fqn": "@winglang/sdk.std.AutoIdResource",
                      "version": "0.0.0",
                    },
                    "display": {
                      "hidden": true,
                    },
                    "id": "$Closure1_0",
                    "path": "root/Default/Default/$Closure1_0",
                  },
                  "$Closure5_0": {
                    "constructInfo": {
                      "fqn": "@winglang/sdk.std.AutoIdResource",
                      "version": "0.0.0",
                    },
                    "display": {
                      "hidden": true,
                    },
                    "id": "$Closure5_0",
                    "path": "root/Default/Default/$Closure5_0",
                  },
                  "Bar": {
                    "children": {
                      "Foo": {
                        "children": {
                          "cloud.Counter": {
                            "children": {
                              "Default": {
                                "constructInfo": {
                                  "fqn": "cdktf.TerraformResource",
                                  "version": "0.17.0",
                                },
                                "id": "Default",
                                "path": "root/Default/Default/Bar/Foo/cloud.Counter/Default",
                              },
                            },
                            "constructInfo": {
                              "fqn": "@winglang/sdk.cloud.Counter",
                              "version": "0.0.0",
                            },
                            "display": {
                              "description": "A distributed atomic counter",
                              "title": "Counter",
                            },
                            "id": "cloud.Counter",
                            "path": "root/Default/Default/Bar/Foo/cloud.Counter",
                          },
                        },
                        "constructInfo": {
                          "fqn": "@winglang/sdk.std.Resource",
                          "version": "0.0.0",
                        },
                        "display": {},
                        "id": "Foo",
                        "path": "root/Default/Default/Bar/Foo",
                      },
                    },
                    "constructInfo": {
                      "fqn": "@winglang/sdk.std.Resource",
                      "version": "0.0.0",
                    },
                    "display": {},
                    "id": "Bar",
                    "path": "root/Default/Default/Bar",
                  },
                  "BigPublisher": {
                    "children": {
                      "$Closure2_0": {
                        "constructInfo": {
                          "fqn": "@winglang/sdk.std.AutoIdResource",
                          "version": "0.0.0",
                        },
                        "display": {
                          "hidden": true,
                        },
                        "id": "$Closure2_0",
                        "path": "root/Default/Default/BigPublisher/$Closure2_0",
                      },
                      "$Closure3_0": {
                        "constructInfo": {
                          "fqn": "@winglang/sdk.std.AutoIdResource",
                          "version": "0.0.0",
                        },
                        "display": {
                          "hidden": true,
                        },
                        "id": "$Closure3_0",
                        "path": "root/Default/Default/BigPublisher/$Closure3_0",
                      },
                      "$Closure4_0": {
                        "constructInfo": {
                          "fqn": "@winglang/sdk.std.AutoIdResource",
                          "version": "0.0.0",
                        },
                        "display": {
                          "hidden": true,
                        },
                        "id": "$Closure4_0",
                        "path": "root/Default/Default/BigPublisher/$Closure4_0",
                      },
                      "b2": {
                        "children": {
                          "Default": {
                            "constructInfo": {
                              "fqn": "cdktf.TerraformResource",
                              "version": "0.17.0",
                            },
                            "id": "Default",
                            "path": "root/Default/Default/BigPublisher/b2/Default",
                          },
                          "S3BucketNotification": {
                            "constructInfo": {
                              "fqn": "cdktf.TerraformResource",
                              "version": "0.17.0",
                            },
                            "id": "S3BucketNotification",
                            "path": "root/Default/Default/BigPublisher/b2/S3BucketNotification",
                          },
                          "oncreate": {
                            "children": {
                              "Default": {
                                "constructInfo": {
                                  "fqn": "cdktf.TerraformResource",
                                  "version": "0.17.0",
                                },
                                "id": "Default",
                                "path": "root/Default/Default/BigPublisher/b2/oncreate/Default",
                              },
                              "PublishPermission-c851683a81379a8ef8351c83fe31924055584271ad": {
                                "constructInfo": {
                                  "fqn": "cdktf.TerraformResource",
                                  "version": "0.17.0",
                                },
                                "id": "PublishPermission-c851683a81379a8ef8351c83fe31924055584271ad",
                                "path": "root/Default/Default/BigPublisher/b2/oncreate/PublishPermission-c851683a81379a8ef8351c83fe31924055584271ad",
                              },
                              "TopicSubscription0": {
                                "constructInfo": {
                                  "fqn": "cdktf.TerraformResource",
                                  "version": "0.17.0",
                                },
                                "id": "TopicSubscription0",
                                "path": "root/Default/Default/BigPublisher/b2/oncreate/TopicSubscription0",
                              },
                            },
                            "constructInfo": {
                              "fqn": "@winglang/sdk.cloud.Topic",
                              "version": "0.0.0",
                            },
                            "display": {
                              "description": "A pub/sub notification topic",
                              "title": "Topic",
                            },
                            "id": "oncreate",
                            "path": "root/Default/Default/BigPublisher/b2/oncreate",
                          },
                          "oncreate-OnMessage0": {
                            "children": {
                              "Asset": {
                                "constructInfo": {
                                  "fqn": "cdktf.TerraformAsset",
                                  "version": "0.17.0",
                                },
                                "id": "Asset",
                                "path": "root/Default/Default/BigPublisher/b2/oncreate-OnMessage0/Asset",
                              },
                              "CloudwatchLogGroup": {
                                "constructInfo": {
                                  "fqn": "cdktf.TerraformResource",
                                  "version": "0.17.0",
                                },
                                "id": "CloudwatchLogGroup",
                                "path": "root/Default/Default/BigPublisher/b2/oncreate-OnMessage0/CloudwatchLogGroup",
                              },
                              "Default": {
                                "constructInfo": {
                                  "fqn": "cdktf.TerraformResource",
                                  "version": "0.17.0",
                                },
                                "id": "Default",
                                "path": "root/Default/Default/BigPublisher/b2/oncreate-OnMessage0/Default",
                              },
                              "IamRole": {
                                "constructInfo": {
                                  "fqn": "cdktf.TerraformResource",
                                  "version": "0.17.0",
                                },
                                "id": "IamRole",
                                "path": "root/Default/Default/BigPublisher/b2/oncreate-OnMessage0/IamRole",
                              },
                              "IamRolePolicy": {
                                "constructInfo": {
                                  "fqn": "cdktf.TerraformResource",
                                  "version": "0.17.0",
                                },
                                "id": "IamRolePolicy",
                                "path": "root/Default/Default/BigPublisher/b2/oncreate-OnMessage0/IamRolePolicy",
                              },
                              "IamRolePolicyAttachment": {
                                "constructInfo": {
                                  "fqn": "cdktf.TerraformResource",
                                  "version": "0.17.0",
                                },
                                "id": "IamRolePolicyAttachment",
                                "path": "root/Default/Default/BigPublisher/b2/oncreate-OnMessage0/IamRolePolicyAttachment",
                              },
                              "InvokePermission-c849e824f9ffcc17825860cf0b7344a60826b3ba1a": {
                                "constructInfo": {
                                  "fqn": "cdktf.TerraformResource",
                                  "version": "0.17.0",
                                },
                                "id": "InvokePermission-c849e824f9ffcc17825860cf0b7344a60826b3ba1a",
                                "path": "root/Default/Default/BigPublisher/b2/oncreate-OnMessage0/InvokePermission-c849e824f9ffcc17825860cf0b7344a60826b3ba1a",
                              },
                              "S3Object": {
                                "constructInfo": {
                                  "fqn": "cdktf.TerraformResource",
                                  "version": "0.17.0",
                                },
                                "id": "S3Object",
                                "path": "root/Default/Default/BigPublisher/b2/oncreate-OnMessage0/S3Object",
                              },
                            },
                            "constructInfo": {
                              "fqn": "@winglang/sdk.cloud.Function",
                              "version": "0.0.0",
                            },
                            "display": {
                              "description": "A cloud function (FaaS)",
                              "title": "Function",
                            },
                            "id": "oncreate-OnMessage0",
                            "path": "root/Default/Default/BigPublisher/b2/oncreate-OnMessage0",
                          },
                        },
                        "constructInfo": {
                          "fqn": "@winglang/sdk.cloud.Bucket",
                          "version": "0.0.0",
                        },
                        "display": {
                          "description": "A cloud object store",
                          "title": "Bucket",
                        },
                        "id": "b2",
                        "path": "root/Default/Default/BigPublisher/b2",
                      },
                      "cloud.Bucket": {
                        "children": {
                          "Default": {
                            "constructInfo": {
                              "fqn": "cdktf.TerraformResource",
                              "version": "0.17.0",
                            },
                            "id": "Default",
                            "path": "root/Default/Default/BigPublisher/cloud.Bucket/Default",
                          },
                        },
                        "constructInfo": {
                          "fqn": "@winglang/sdk.cloud.Bucket",
                          "version": "0.0.0",
                        },
                        "display": {
                          "description": "A cloud object store",
                          "title": "Bucket",
                        },
                        "id": "cloud.Bucket",
                        "path": "root/Default/Default/BigPublisher/cloud.Bucket",
                      },
                      "cloud.Queue": {
                        "children": {
                          "Default": {
                            "constructInfo": {
                              "fqn": "cdktf.TerraformResource",
                              "version": "0.17.0",
                            },
                            "id": "Default",
                            "path": "root/Default/Default/BigPublisher/cloud.Queue/Default",
                          },
                          "EventSourceMapping": {
                            "constructInfo": {
                              "fqn": "cdktf.TerraformResource",
                              "version": "0.17.0",
                            },
                            "id": "EventSourceMapping",
                            "path": "root/Default/Default/BigPublisher/cloud.Queue/EventSourceMapping",
                          },
                        },
                        "constructInfo": {
                          "fqn": "@winglang/sdk.cloud.Queue",
                          "version": "0.0.0",
                        },
                        "display": {
                          "description": "A distributed message queue",
                          "title": "Queue",
                        },
                        "id": "cloud.Queue",
                        "path": "root/Default/Default/BigPublisher/cloud.Queue",
                      },
                      "cloud.Queue-SetConsumer0": {
                        "children": {
                          "Asset": {
                            "constructInfo": {
                              "fqn": "cdktf.TerraformAsset",
                              "version": "0.17.0",
                            },
                            "id": "Asset",
                            "path": "root/Default/Default/BigPublisher/cloud.Queue-SetConsumer0/Asset",
                          },
                          "CloudwatchLogGroup": {
                            "constructInfo": {
                              "fqn": "cdktf.TerraformResource",
                              "version": "0.17.0",
                            },
                            "id": "CloudwatchLogGroup",
                            "path": "root/Default/Default/BigPublisher/cloud.Queue-SetConsumer0/CloudwatchLogGroup",
                          },
                          "Default": {
                            "constructInfo": {
                              "fqn": "cdktf.TerraformResource",
                              "version": "0.17.0",
                            },
                            "id": "Default",
                            "path": "root/Default/Default/BigPublisher/cloud.Queue-SetConsumer0/Default",
                          },
                          "IamRole": {
                            "constructInfo": {
                              "fqn": "cdktf.TerraformResource",
                              "version": "0.17.0",
                            },
                            "id": "IamRole",
                            "path": "root/Default/Default/BigPublisher/cloud.Queue-SetConsumer0/IamRole",
                          },
                          "IamRolePolicy": {
                            "constructInfo": {
                              "fqn": "cdktf.TerraformResource",
                              "version": "0.17.0",
                            },
                            "id": "IamRolePolicy",
                            "path": "root/Default/Default/BigPublisher/cloud.Queue-SetConsumer0/IamRolePolicy",
                          },
                          "IamRolePolicyAttachment": {
                            "constructInfo": {
                              "fqn": "cdktf.TerraformResource",
                              "version": "0.17.0",
                            },
                            "id": "IamRolePolicyAttachment",
                            "path": "root/Default/Default/BigPublisher/cloud.Queue-SetConsumer0/IamRolePolicyAttachment",
                          },
                          "S3Object": {
                            "constructInfo": {
                              "fqn": "cdktf.TerraformResource",
                              "version": "0.17.0",
                            },
                            "id": "S3Object",
                            "path": "root/Default/Default/BigPublisher/cloud.Queue-SetConsumer0/S3Object",
                          },
                        },
                        "constructInfo": {
                          "fqn": "@winglang/sdk.cloud.Function",
                          "version": "0.0.0",
                        },
                        "display": {
                          "description": "A cloud function (FaaS)",
                          "title": "Function",
                        },
                        "id": "cloud.Queue-SetConsumer0",
                        "path": "root/Default/Default/BigPublisher/cloud.Queue-SetConsumer0",
                      },
                      "cloud.Topic": {
                        "children": {
                          "Default": {
                            "constructInfo": {
                              "fqn": "cdktf.TerraformResource",
                              "version": "0.17.0",
                            },
                            "id": "Default",
                            "path": "root/Default/Default/BigPublisher/cloud.Topic/Default",
                          },
                          "TopicSubscription0": {
                            "constructInfo": {
                              "fqn": "cdktf.TerraformResource",
                              "version": "0.17.0",
                            },
                            "id": "TopicSubscription0",
                            "path": "root/Default/Default/BigPublisher/cloud.Topic/TopicSubscription0",
                          },
                        },
                        "constructInfo": {
                          "fqn": "@winglang/sdk.cloud.Topic",
                          "version": "0.0.0",
                        },
                        "display": {
                          "description": "A pub/sub notification topic",
                          "title": "Topic",
                        },
                        "id": "cloud.Topic",
                        "path": "root/Default/Default/BigPublisher/cloud.Topic",
                      },
                      "cloud.Topic-OnMessage0": {
                        "children": {
                          "Asset": {
                            "constructInfo": {
                              "fqn": "cdktf.TerraformAsset",
                              "version": "0.17.0",
                            },
                            "id": "Asset",
                            "path": "root/Default/Default/BigPublisher/cloud.Topic-OnMessage0/Asset",
                          },
                          "CloudwatchLogGroup": {
                            "constructInfo": {
                              "fqn": "cdktf.TerraformResource",
                              "version": "0.17.0",
                            },
                            "id": "CloudwatchLogGroup",
                            "path": "root/Default/Default/BigPublisher/cloud.Topic-OnMessage0/CloudwatchLogGroup",
                          },
                          "Default": {
                            "constructInfo": {
                              "fqn": "cdktf.TerraformResource",
                              "version": "0.17.0",
                            },
                            "id": "Default",
                            "path": "root/Default/Default/BigPublisher/cloud.Topic-OnMessage0/Default",
                          },
                          "IamRole": {
                            "constructInfo": {
                              "fqn": "cdktf.TerraformResource",
                              "version": "0.17.0",
                            },
                            "id": "IamRole",
                            "path": "root/Default/Default/BigPublisher/cloud.Topic-OnMessage0/IamRole",
                          },
                          "IamRolePolicy": {
                            "constructInfo": {
                              "fqn": "cdktf.TerraformResource",
                              "version": "0.17.0",
                            },
                            "id": "IamRolePolicy",
                            "path": "root/Default/Default/BigPublisher/cloud.Topic-OnMessage0/IamRolePolicy",
                          },
                          "IamRolePolicyAttachment": {
                            "constructInfo": {
                              "fqn": "cdktf.TerraformResource",
                              "version": "0.17.0",
                            },
                            "id": "IamRolePolicyAttachment",
                            "path": "root/Default/Default/BigPublisher/cloud.Topic-OnMessage0/IamRolePolicyAttachment",
                          },
                          "InvokePermission-c86b6469dec0edbe23d2827b4ea7006182eb0072ec": {
                            "constructInfo": {
                              "fqn": "cdktf.TerraformResource",
                              "version": "0.17.0",
                            },
                            "id": "InvokePermission-c86b6469dec0edbe23d2827b4ea7006182eb0072ec",
                            "path": "root/Default/Default/BigPublisher/cloud.Topic-OnMessage0/InvokePermission-c86b6469dec0edbe23d2827b4ea7006182eb0072ec",
                          },
                          "S3Object": {
                            "constructInfo": {
                              "fqn": "cdktf.TerraformResource",
                              "version": "0.17.0",
                            },
                            "id": "S3Object",
                            "path": "root/Default/Default/BigPublisher/cloud.Topic-OnMessage0/S3Object",
                          },
                        },
                        "constructInfo": {
                          "fqn": "@winglang/sdk.cloud.Function",
                          "version": "0.0.0",
                        },
                        "display": {
                          "description": "A cloud function (FaaS)",
                          "title": "Function",
                        },
                        "id": "cloud.Topic-OnMessage0",
                        "path": "root/Default/Default/BigPublisher/cloud.Topic-OnMessage0",
                      },
                    },
                    "constructInfo": {
                      "fqn": "@winglang/sdk.std.Resource",
                      "version": "0.0.0",
                    },
                    "display": {},
                    "id": "BigPublisher",
                    "path": "root/Default/Default/BigPublisher",
                  },
                  "ScopeAndIdTestClass": {
                    "children": {
                      "Dummy": {
                        "children": {
                          "Dummy": {
                            "children": {
                              "StaticDummy": {
                                "children": {
                                  "Dummy": {
                                    "constructInfo": {
                                      "fqn": "@winglang/sdk.std.Resource",
                                      "version": "0.0.0",
                                    },
                                    "display": {},
                                    "id": "Dummy",
                                    "path": "root/Default/Default/ScopeAndIdTestClass/Dummy/Dummy/StaticDummy/Dummy",
                                  },
                                },
                                "constructInfo": {
                                  "fqn": "@winglang/sdk.std.Resource",
                                  "version": "0.0.0",
                                },
                                "display": {},
                                "id": "StaticDummy",
                                "path": "root/Default/Default/ScopeAndIdTestClass/Dummy/Dummy/StaticDummy",
                              },
                            },
                            "constructInfo": {
                              "fqn": "@winglang/sdk.std.Resource",
                              "version": "0.0.0",
                            },
                            "display": {},
                            "id": "Dummy",
                            "path": "root/Default/Default/ScopeAndIdTestClass/Dummy/Dummy",
                          },
                        },
                        "constructInfo": {
                          "fqn": "@winglang/sdk.std.Resource",
                          "version": "0.0.0",
                        },
                        "display": {},
                        "id": "Dummy",
                        "path": "root/Default/Default/ScopeAndIdTestClass/Dummy",
                      },
                      "tc0": {
                        "constructInfo": {
                          "fqn": "@winglang/sdk.std.Resource",
                          "version": "0.0.0",
                        },
                        "display": {},
                        "id": "tc0",
                        "path": "root/Default/Default/ScopeAndIdTestClass/tc0",
                      },
                      "tc1": {
                        "constructInfo": {
                          "fqn": "@winglang/sdk.std.Resource",
                          "version": "0.0.0",
                        },
                        "display": {},
                        "id": "tc1",
                        "path": "root/Default/Default/ScopeAndIdTestClass/tc1",
                      },
                      "tc2": {
                        "constructInfo": {
                          "fqn": "@winglang/sdk.std.Resource",
                          "version": "0.0.0",
                        },
                        "display": {},
                        "id": "tc2",
                        "path": "root/Default/Default/ScopeAndIdTestClass/tc2",
                      },
                    },
                    "constructInfo": {
                      "fqn": "@winglang/sdk.std.Resource",
                      "version": "0.0.0",
                    },
                    "display": {},
                    "id": "ScopeAndIdTestClass",
                    "path": "root/Default/Default/ScopeAndIdTestClass",
                  },
                  "cloud.Bucket": {
                    "children": {
                      "Default": {
                        "constructInfo": {
                          "fqn": "cdktf.TerraformResource",
                          "version": "0.17.0",
                        },
                        "id": "Default",
                        "path": "root/Default/Default/cloud.Bucket/Default",
                      },
                    },
                    "constructInfo": {
                      "fqn": "@winglang/sdk.cloud.Bucket",
                      "version": "0.0.0",
                    },
                    "display": {
                      "description": "A cloud object store",
                      "title": "Bucket",
                    },
                    "id": "cloud.Bucket",
                    "path": "root/Default/Default/cloud.Bucket",
                  },
                  "test:dependency cycles": {
                    "constructInfo": {
                      "fqn": "@winglang/sdk.std.Test",
                      "version": "0.0.0",
                    },
                    "display": {
                      "description": "A cloud unit test.",
                      "hidden": true,
                      "title": "Test",
                    },
                    "id": "test:dependency cycles",
                    "path": "root/Default/Default/test:dependency cycles",
                  },
                  "test:test": {
                    "constructInfo": {
                      "fqn": "@winglang/sdk.std.Test",
                      "version": "0.0.0",
                    },
                    "display": {
                      "description": "A cloud unit test.",
                      "hidden": true,
                      "title": "Test",
                    },
                    "id": "test:test",
                    "path": "root/Default/Default/test:test",
                  },
                },
                "constructInfo": {
                  "fqn": "@winglang/sdk.std.Resource",
                  "version": "0.0.0",
                },
                "display": {},
                "id": "Default",
                "path": "root/Default/Default",
              },
              "aws": {
                "constructInfo": {
                  "fqn": "cdktf.TerraformProvider",
                  "version": "0.17.0",
                },
                "id": "aws",
                "path": "root/Default/aws",
              },
            },
            "constructInfo": {
              "fqn": "@winglang/sdk.core.App",
              "version": "0.0.0",
            },
            "id": "Default",
            "path": "root/Default",
          },
          "backend": {
            "constructInfo": {
              "fqn": "cdktf.LocalBackend",
              "version": "0.17.0",
            },
            "id": "backend",
            "path": "root/backend",
          },
        },
        "constructInfo": {
          "fqn": "cdktf.TerraformStack",
          "version": "0.17.0",
        },
        "id": "root",
        "path": "root",
      },
    },
    "constructInfo": {
      "fqn": "cdktf.App",
      "version": "0.17.0",
    },
    "id": "App",
    "path": "",
  },
  "version": "tree-0.1",
}
`;
