// Jest Snapshot v1, https://goo.gl/fbAQLP

exports[`create a counter 1`] = `
Object {
  "root": Object {
    "children": Object {
      "my_counter": Object {
        "attrs": Object {
          "handle": "sim-0",
        },
        "path": "root/my_counter",
        "props": Object {
          "initialValue": 123,
        },
        "type": "wingsdk.cloud.Counter",
      },
    },
    "path": "root",
    "type": "constructs.Construct",
  },
  "sdkVersion": "0.0.0",
  "startOrder": Array [
    "root/my_counter",
  ],
}
`;

exports[`inc 1`] = `
Object {
  "root": Object {
    "children": Object {
      "my_counter": Object {
        "attrs": Object {
          "handle": "sim-0",
        },
        "path": "root/my_counter",
        "props": Object {
          "initialValue": 123,
        },
        "type": "wingsdk.cloud.Counter",
      },
    },
    "path": "root",
    "type": "constructs.Construct",
  },
  "sdkVersion": "0.0.0",
  "startOrder": Array [
    "root/my_counter",
  ],
}
`;
