// Jest Snapshot v1, https://goo.gl/fbAQLP

exports[`inflight uses a logger 1`] = `
Object {
  "root": Object {
    "children": Object {
      "WingLogger": Object {
        "type": "wingsdk.cloud.Logger",
      },
      "my_function": Object {
        "callees": Array [
          "root/WingLogger",
        ],
        "dependsOn": Array [
          "root/WingLogger",
        ],
        "props": Object {
          "environmentVariables": Object {
            "LOGGER_ADDR__c80f4a947b44da0af65a2258bcf6ee0bfb76f7e65b": "\${root/WingLogger#attrs.logsDir}",
          },
          "sourceCodeFile": "assets/my_function/index.js",
          "sourceCodeLanguage": "javascript",
        },
        "type": "wingsdk.cloud.Function",
      },
    },
    "type": "constructs.Construct",
  },
  "startOrder": Array [
    "root/WingLogger",
    "root/my_function",
  ],
}
`;
