---
source: libs/wingc/src/lsp/signature.rs
---
signatures:
  - label: "(sound: str): A"
    documentation:
      kind: markdown
      value: "### Parameters\n- `sound` â€” `str`"
    parameters:
      - label: "sound: str"
    activeParameter: 0

