---
source: libs/wingc/src/lib.rs
description: "../../examples/tests/invalid/types_string_interpolation.w"
---
[
    Diagnostic {
        message: "Expected type to be one of \"string,number\", but got \"bool\" instead",
        span: Some(
            WingSpan {
                start: Point {
                    row: 2,
                    column: 11,
                },
                end: Point {
                    row: 2,
                    column: 23,
                },
                start_byte: 37,
                end_byte: 49,
                file_id: "../../examples/tests/invalid/types_string_interpolation.w",
            },
        ),
        level: Error,
    },
    Diagnostic {
        message: "Expected type to be one of \"string,number\", but got \"bool\" instead",
        span: Some(
            WingSpan {
                start: Point {
                    row: 5,
                    column: 11,
                },
                end: Point {
                    row: 5,
                    column: 14,
                },
                start_byte: 127,
                end_byte: 130,
                file_id: "../../examples/tests/invalid/types_string_interpolation.w",
            },
        ),
        level: Error,
    },
]
