---
source: libs/wingc/src/lib.rs
description: "../../examples/tests/valid/statements_variable_declarations.w"
---

// ../../examples/tests/valid/statements_variable_declarations.w.out/intermediate.js
const $stdlib = require('@monadahq/wingsdk');
const $outdir = process.env.WINGSDK_SYNTH_DIR ?? ".";
const $synthesizer = process.env.WING_SIM ? new $stdlib.sim.Synthesizer({ outdir: $outdir }) : new $stdlib.tfaws.Synthesizer({ outdir: $outdir });
class MyApp extends $stdlib.core.App {
constructor() {
  super({ synthesizer: $synthesizer });
  
  let x = 2;
  let y = x;
}
}
new MyApp().synth();

// ../../examples/tests/valid/statements_variable_declarations.w.out/preflight.js
const $stdlib = require('@winglang/wingsdk');
const $outdir = process.env.WINGSDK_SYNTH_DIR ?? ".";

function __app(target) {
	switch (target) {
		case "sim":
			return $stdlib.sim.App;
		case "tfaws":
		case "tf-aws":
			return $stdlib.tfaws.App;
		default:
			throw new Error(`Unknown WING_TARGET value: "${process.env.WING_TARGET ?? ""}"`);
	}
}
const $App = __app(process.env.WING_TARGET);

class MyApp extends $App {
constructor() {
  super({ outdir: $outdir });
  
  let x = 2;
  let y = x;
}
}
new MyApp().synth();

