// Vitest Snapshot v1, https://vitest.dev/guide/snapshot.html

exports[`create a counter 1`] = `
{
  "connections.json": {
    "connections": [],
    "version": "connections-0.1",
  },
  "simulator.json": {
    "resources": [
      {
        "addr": "c82c1419dede49fb73e65c4df6565dc606f828ef99",
        "attrs": {},
        "path": "root/my_counter",
        "props": {
          "initial": 123,
        },
        "type": "@winglang/sdk.cloud.Counter",
      },
    ],
    "sdkVersion": "0.0.0",
    "types": {
      "@winglang/sdk.cloud.Api": {
        "className": "Api",
        "sourcePath": "<ABSOLUTE PATH>/api.inflight.js",
      },
      "@winglang/sdk.cloud.Bucket": {
        "className": "Bucket",
        "sourcePath": "<ABSOLUTE PATH>/bucket.inflight.js",
      },
      "@winglang/sdk.cloud.Counter": {
        "className": "Counter",
        "sourcePath": "<ABSOLUTE PATH>/counter.inflight.js",
      },
      "@winglang/sdk.cloud.Domain": {
        "className": "Domain",
        "sourcePath": "<ABSOLUTE PATH>/domain.inflight.js",
      },
      "@winglang/sdk.cloud.Endpoint": {
        "className": "Endpoint",
        "sourcePath": "<ABSOLUTE PATH>/endpoint.inflight.js",
      },
      "@winglang/sdk.cloud.Function": {
        "className": "Function",
        "sourcePath": "<ABSOLUTE PATH>/function.inflight.js",
      },
      "@winglang/sdk.cloud.OnDeploy": {
        "className": "OnDeploy",
        "sourcePath": "<ABSOLUTE PATH>/on-deploy.inflight.js",
      },
      "@winglang/sdk.cloud.Queue": {
        "className": "Queue",
        "sourcePath": "<ABSOLUTE PATH>/queue.inflight.js",
      },
      "@winglang/sdk.cloud.Schedule": {
        "className": "Schedule",
        "sourcePath": "<ABSOLUTE PATH>/schedule.inflight.js",
      },
      "@winglang/sdk.cloud.Secret": {
        "className": "Secret",
        "sourcePath": "<ABSOLUTE PATH>/secret.inflight.js",
      },
      "@winglang/sdk.cloud.Service": {
        "className": "Service",
        "sourcePath": "<ABSOLUTE PATH>/service.inflight.js",
      },
      "@winglang/sdk.cloud.Topic": {
        "className": "Topic",
        "sourcePath": "<ABSOLUTE PATH>/topic.inflight.js",
      },
      "@winglang/sdk.cloud.Website": {
        "className": "Website",
        "sourcePath": "<ABSOLUTE PATH>/website.inflight.js",
      },
      "@winglang/sdk.ex.DynamodbTable": {
        "className": "DynamodbTable",
        "sourcePath": "<ABSOLUTE PATH>/dynamodb-table.inflight.js",
      },
      "@winglang/sdk.ex.ReactApp": {
        "className": "ReactApp",
        "sourcePath": "<ABSOLUTE PATH>/react-app.inflight.js",
      },
      "@winglang/sdk.ex.Redis": {
        "className": "Redis",
        "sourcePath": "<ABSOLUTE PATH>/redis.inflight.js",
      },
      "@winglang/sdk.ex.Table": {
        "className": "Table",
        "sourcePath": "<ABSOLUTE PATH>/table.inflight.js",
      },
      "@winglang/sdk.sim.EventMapping": {
        "className": "EventMapping",
        "sourcePath": "<ABSOLUTE PATH>/event-mapping.inflight.js",
      },
      "@winglang/sdk.sim.State": {
        "className": "State",
        "sourcePath": "<ABSOLUTE PATH>/state.inflight.js",
      },
      "@winglang/sdk.std.TestRunner": {
        "className": "TestRunner",
        "sourcePath": "<ABSOLUTE PATH>/test-runner.inflight.js",
      },
    },
  },
  "tree.json": {
    "tree": {
      "children": {
        "my_counter": {
          "constructInfo": {
            "fqn": "constructs.Construct",
            "version": "10.3.0",
          },
          "display": {
            "description": "A distributed atomic counter",
            "title": "Counter",
          },
          "id": "my_counter",
          "path": "root/my_counter",
        },
      },
      "constructInfo": {
        "fqn": "constructs.Construct",
        "version": "10.3.0",
      },
      "id": "root",
      "path": "root",
    },
    "version": "tree-0.1",
  },
}
`;

exports[`dec 1`] = `
[
  "@winglang/sdk.cloud.Counter created.",
  "Dec (amount=1).",
  "Dec (amount=1).",
  "Dec (amount=10).",
  "Dec (amount=10).",
  "@winglang/sdk.cloud.Counter deleted.",
]
`;

exports[`dec 2`] = `
{
  "connections.json": {
    "connections": [],
    "version": "connections-0.1",
  },
  "simulator.json": {
    "resources": [
      {
        "addr": "c82c1419dede49fb73e65c4df6565dc606f828ef99",
        "attrs": {},
        "path": "root/my_counter",
        "props": {
          "initial": 123,
        },
        "type": "@winglang/sdk.cloud.Counter",
      },
    ],
    "sdkVersion": "0.0.0",
    "types": {
      "@winglang/sdk.cloud.Api": {
        "className": "Api",
        "sourcePath": "<ABSOLUTE PATH>/api.inflight.js",
      },
      "@winglang/sdk.cloud.Bucket": {
        "className": "Bucket",
        "sourcePath": "<ABSOLUTE PATH>/bucket.inflight.js",
      },
      "@winglang/sdk.cloud.Counter": {
        "className": "Counter",
        "sourcePath": "<ABSOLUTE PATH>/counter.inflight.js",
      },
      "@winglang/sdk.cloud.Domain": {
        "className": "Domain",
        "sourcePath": "<ABSOLUTE PATH>/domain.inflight.js",
      },
      "@winglang/sdk.cloud.Endpoint": {
        "className": "Endpoint",
        "sourcePath": "<ABSOLUTE PATH>/endpoint.inflight.js",
      },
      "@winglang/sdk.cloud.Function": {
        "className": "Function",
        "sourcePath": "<ABSOLUTE PATH>/function.inflight.js",
      },
      "@winglang/sdk.cloud.OnDeploy": {
        "className": "OnDeploy",
        "sourcePath": "<ABSOLUTE PATH>/on-deploy.inflight.js",
      },
      "@winglang/sdk.cloud.Queue": {
        "className": "Queue",
        "sourcePath": "<ABSOLUTE PATH>/queue.inflight.js",
      },
      "@winglang/sdk.cloud.Schedule": {
        "className": "Schedule",
        "sourcePath": "<ABSOLUTE PATH>/schedule.inflight.js",
      },
      "@winglang/sdk.cloud.Secret": {
        "className": "Secret",
        "sourcePath": "<ABSOLUTE PATH>/secret.inflight.js",
      },
      "@winglang/sdk.cloud.Service": {
        "className": "Service",
        "sourcePath": "<ABSOLUTE PATH>/service.inflight.js",
      },
      "@winglang/sdk.cloud.Topic": {
        "className": "Topic",
        "sourcePath": "<ABSOLUTE PATH>/topic.inflight.js",
      },
      "@winglang/sdk.cloud.Website": {
        "className": "Website",
        "sourcePath": "<ABSOLUTE PATH>/website.inflight.js",
      },
      "@winglang/sdk.ex.DynamodbTable": {
        "className": "DynamodbTable",
        "sourcePath": "<ABSOLUTE PATH>/dynamodb-table.inflight.js",
      },
      "@winglang/sdk.ex.ReactApp": {
        "className": "ReactApp",
        "sourcePath": "<ABSOLUTE PATH>/react-app.inflight.js",
      },
      "@winglang/sdk.ex.Redis": {
        "className": "Redis",
        "sourcePath": "<ABSOLUTE PATH>/redis.inflight.js",
      },
      "@winglang/sdk.ex.Table": {
        "className": "Table",
        "sourcePath": "<ABSOLUTE PATH>/table.inflight.js",
      },
      "@winglang/sdk.sim.EventMapping": {
        "className": "EventMapping",
        "sourcePath": "<ABSOLUTE PATH>/event-mapping.inflight.js",
      },
      "@winglang/sdk.sim.State": {
        "className": "State",
        "sourcePath": "<ABSOLUTE PATH>/state.inflight.js",
      },
      "@winglang/sdk.std.TestRunner": {
        "className": "TestRunner",
        "sourcePath": "<ABSOLUTE PATH>/test-runner.inflight.js",
      },
    },
  },
  "tree.json": {
    "tree": {
      "children": {
        "my_counter": {
          "constructInfo": {
            "fqn": "constructs.Construct",
            "version": "10.3.0",
          },
          "display": {
            "description": "A distributed atomic counter",
            "title": "Counter",
          },
          "id": "my_counter",
          "path": "root/my_counter",
        },
      },
      "constructInfo": {
        "fqn": "constructs.Construct",
        "version": "10.3.0",
      },
      "id": "root",
      "path": "root",
    },
    "version": "tree-0.1",
  },
}
`;

exports[`inc 1`] = `
[
  "@winglang/sdk.cloud.Counter created.",
  "Inc (amount=1).",
  "Inc (amount=1).",
  "Inc (amount=10).",
  "Inc (amount=10).",
  "@winglang/sdk.cloud.Counter deleted.",
]
`;

exports[`inc 2`] = `
{
  "connections.json": {
    "connections": [],
    "version": "connections-0.1",
  },
  "simulator.json": {
    "resources": [
      {
        "addr": "c82c1419dede49fb73e65c4df6565dc606f828ef99",
        "attrs": {},
        "path": "root/my_counter",
        "props": {
          "initial": 123,
        },
        "type": "@winglang/sdk.cloud.Counter",
      },
    ],
    "sdkVersion": "0.0.0",
    "types": {
      "@winglang/sdk.cloud.Api": {
        "className": "Api",
        "sourcePath": "<ABSOLUTE PATH>/api.inflight.js",
      },
      "@winglang/sdk.cloud.Bucket": {
        "className": "Bucket",
        "sourcePath": "<ABSOLUTE PATH>/bucket.inflight.js",
      },
      "@winglang/sdk.cloud.Counter": {
        "className": "Counter",
        "sourcePath": "<ABSOLUTE PATH>/counter.inflight.js",
      },
      "@winglang/sdk.cloud.Domain": {
        "className": "Domain",
        "sourcePath": "<ABSOLUTE PATH>/domain.inflight.js",
      },
      "@winglang/sdk.cloud.Endpoint": {
        "className": "Endpoint",
        "sourcePath": "<ABSOLUTE PATH>/endpoint.inflight.js",
      },
      "@winglang/sdk.cloud.Function": {
        "className": "Function",
        "sourcePath": "<ABSOLUTE PATH>/function.inflight.js",
      },
      "@winglang/sdk.cloud.OnDeploy": {
        "className": "OnDeploy",
        "sourcePath": "<ABSOLUTE PATH>/on-deploy.inflight.js",
      },
      "@winglang/sdk.cloud.Queue": {
        "className": "Queue",
        "sourcePath": "<ABSOLUTE PATH>/queue.inflight.js",
      },
      "@winglang/sdk.cloud.Schedule": {
        "className": "Schedule",
        "sourcePath": "<ABSOLUTE PATH>/schedule.inflight.js",
      },
      "@winglang/sdk.cloud.Secret": {
        "className": "Secret",
        "sourcePath": "<ABSOLUTE PATH>/secret.inflight.js",
      },
      "@winglang/sdk.cloud.Service": {
        "className": "Service",
        "sourcePath": "<ABSOLUTE PATH>/service.inflight.js",
      },
      "@winglang/sdk.cloud.Topic": {
        "className": "Topic",
        "sourcePath": "<ABSOLUTE PATH>/topic.inflight.js",
      },
      "@winglang/sdk.cloud.Website": {
        "className": "Website",
        "sourcePath": "<ABSOLUTE PATH>/website.inflight.js",
      },
      "@winglang/sdk.ex.DynamodbTable": {
        "className": "DynamodbTable",
        "sourcePath": "<ABSOLUTE PATH>/dynamodb-table.inflight.js",
      },
      "@winglang/sdk.ex.ReactApp": {
        "className": "ReactApp",
        "sourcePath": "<ABSOLUTE PATH>/react-app.inflight.js",
      },
      "@winglang/sdk.ex.Redis": {
        "className": "Redis",
        "sourcePath": "<ABSOLUTE PATH>/redis.inflight.js",
      },
      "@winglang/sdk.ex.Table": {
        "className": "Table",
        "sourcePath": "<ABSOLUTE PATH>/table.inflight.js",
      },
      "@winglang/sdk.sim.EventMapping": {
        "className": "EventMapping",
        "sourcePath": "<ABSOLUTE PATH>/event-mapping.inflight.js",
      },
      "@winglang/sdk.sim.State": {
        "className": "State",
        "sourcePath": "<ABSOLUTE PATH>/state.inflight.js",
      },
      "@winglang/sdk.std.TestRunner": {
        "className": "TestRunner",
        "sourcePath": "<ABSOLUTE PATH>/test-runner.inflight.js",
      },
    },
  },
  "tree.json": {
    "tree": {
      "children": {
        "my_counter": {
          "constructInfo": {
            "fqn": "constructs.Construct",
            "version": "10.3.0",
          },
          "display": {
            "description": "A distributed atomic counter",
            "title": "Counter",
          },
          "id": "my_counter",
          "path": "root/my_counter",
        },
      },
      "constructInfo": {
        "fqn": "constructs.Construct",
        "version": "10.3.0",
      },
      "id": "root",
      "path": "root",
    },
    "version": "tree-0.1",
  },
}
`;

exports[`key dec 1`] = `
[
  "@winglang/sdk.cloud.Counter created.",
  "Dec (amount=1, key: my-key).",
  "Dec (amount=1, key: my-key).",
  "Dec (amount=10, key: my-key).",
  "Dec (amount=10, key: my-key).",
  "@winglang/sdk.cloud.Counter deleted.",
]
`;

exports[`key dec 2`] = `
{
  "connections.json": {
    "connections": [],
    "version": "connections-0.1",
  },
  "simulator.json": {
    "resources": [
      {
        "addr": "c82c1419dede49fb73e65c4df6565dc606f828ef99",
        "attrs": {},
        "path": "root/my_counter",
        "props": {
          "initial": 0,
        },
        "type": "@winglang/sdk.cloud.Counter",
      },
    ],
    "sdkVersion": "0.0.0",
    "types": {
      "@winglang/sdk.cloud.Api": {
        "className": "Api",
        "sourcePath": "<ABSOLUTE PATH>/api.inflight.js",
      },
      "@winglang/sdk.cloud.Bucket": {
        "className": "Bucket",
        "sourcePath": "<ABSOLUTE PATH>/bucket.inflight.js",
      },
      "@winglang/sdk.cloud.Counter": {
        "className": "Counter",
        "sourcePath": "<ABSOLUTE PATH>/counter.inflight.js",
      },
      "@winglang/sdk.cloud.Domain": {
        "className": "Domain",
        "sourcePath": "<ABSOLUTE PATH>/domain.inflight.js",
      },
      "@winglang/sdk.cloud.Endpoint": {
        "className": "Endpoint",
        "sourcePath": "<ABSOLUTE PATH>/endpoint.inflight.js",
      },
      "@winglang/sdk.cloud.Function": {
        "className": "Function",
        "sourcePath": "<ABSOLUTE PATH>/function.inflight.js",
      },
      "@winglang/sdk.cloud.OnDeploy": {
        "className": "OnDeploy",
        "sourcePath": "<ABSOLUTE PATH>/on-deploy.inflight.js",
      },
      "@winglang/sdk.cloud.Queue": {
        "className": "Queue",
        "sourcePath": "<ABSOLUTE PATH>/queue.inflight.js",
      },
      "@winglang/sdk.cloud.Schedule": {
        "className": "Schedule",
        "sourcePath": "<ABSOLUTE PATH>/schedule.inflight.js",
      },
      "@winglang/sdk.cloud.Secret": {
        "className": "Secret",
        "sourcePath": "<ABSOLUTE PATH>/secret.inflight.js",
      },
      "@winglang/sdk.cloud.Service": {
        "className": "Service",
        "sourcePath": "<ABSOLUTE PATH>/service.inflight.js",
      },
      "@winglang/sdk.cloud.Topic": {
        "className": "Topic",
        "sourcePath": "<ABSOLUTE PATH>/topic.inflight.js",
      },
      "@winglang/sdk.cloud.Website": {
        "className": "Website",
        "sourcePath": "<ABSOLUTE PATH>/website.inflight.js",
      },
      "@winglang/sdk.ex.DynamodbTable": {
        "className": "DynamodbTable",
        "sourcePath": "<ABSOLUTE PATH>/dynamodb-table.inflight.js",
      },
      "@winglang/sdk.ex.ReactApp": {
        "className": "ReactApp",
        "sourcePath": "<ABSOLUTE PATH>/react-app.inflight.js",
      },
      "@winglang/sdk.ex.Redis": {
        "className": "Redis",
        "sourcePath": "<ABSOLUTE PATH>/redis.inflight.js",
      },
      "@winglang/sdk.ex.Table": {
        "className": "Table",
        "sourcePath": "<ABSOLUTE PATH>/table.inflight.js",
      },
      "@winglang/sdk.sim.EventMapping": {
        "className": "EventMapping",
        "sourcePath": "<ABSOLUTE PATH>/event-mapping.inflight.js",
      },
      "@winglang/sdk.sim.State": {
        "className": "State",
        "sourcePath": "<ABSOLUTE PATH>/state.inflight.js",
      },
      "@winglang/sdk.std.TestRunner": {
        "className": "TestRunner",
        "sourcePath": "<ABSOLUTE PATH>/test-runner.inflight.js",
      },
    },
  },
  "tree.json": {
    "tree": {
      "children": {
        "my_counter": {
          "constructInfo": {
            "fqn": "constructs.Construct",
            "version": "10.3.0",
          },
          "display": {
            "description": "A distributed atomic counter",
            "title": "Counter",
          },
          "id": "my_counter",
          "path": "root/my_counter",
        },
      },
      "constructInfo": {
        "fqn": "constructs.Construct",
        "version": "10.3.0",
      },
      "id": "root",
      "path": "root",
    },
    "version": "tree-0.1",
  },
}
`;

exports[`key inc 1`] = `
[
  "@winglang/sdk.cloud.Counter created.",
  "Inc (amount=1, key: my-key).",
  "Inc (amount=1, key: my-key).",
  "Inc (amount=10, key: my-key).",
  "Inc (amount=10, key: my-key).",
  "@winglang/sdk.cloud.Counter deleted.",
]
`;

exports[`key inc 2`] = `
{
  "connections.json": {
    "connections": [],
    "version": "connections-0.1",
  },
  "simulator.json": {
    "resources": [
      {
        "addr": "c82c1419dede49fb73e65c4df6565dc606f828ef99",
        "attrs": {},
        "path": "root/my_counter",
        "props": {
          "initial": 0,
        },
        "type": "@winglang/sdk.cloud.Counter",
      },
    ],
    "sdkVersion": "0.0.0",
    "types": {
      "@winglang/sdk.cloud.Api": {
        "className": "Api",
        "sourcePath": "<ABSOLUTE PATH>/api.inflight.js",
      },
      "@winglang/sdk.cloud.Bucket": {
        "className": "Bucket",
        "sourcePath": "<ABSOLUTE PATH>/bucket.inflight.js",
      },
      "@winglang/sdk.cloud.Counter": {
        "className": "Counter",
        "sourcePath": "<ABSOLUTE PATH>/counter.inflight.js",
      },
      "@winglang/sdk.cloud.Domain": {
        "className": "Domain",
        "sourcePath": "<ABSOLUTE PATH>/domain.inflight.js",
      },
      "@winglang/sdk.cloud.Endpoint": {
        "className": "Endpoint",
        "sourcePath": "<ABSOLUTE PATH>/endpoint.inflight.js",
      },
      "@winglang/sdk.cloud.Function": {
        "className": "Function",
        "sourcePath": "<ABSOLUTE PATH>/function.inflight.js",
      },
      "@winglang/sdk.cloud.OnDeploy": {
        "className": "OnDeploy",
        "sourcePath": "<ABSOLUTE PATH>/on-deploy.inflight.js",
      },
      "@winglang/sdk.cloud.Queue": {
        "className": "Queue",
        "sourcePath": "<ABSOLUTE PATH>/queue.inflight.js",
      },
      "@winglang/sdk.cloud.Schedule": {
        "className": "Schedule",
        "sourcePath": "<ABSOLUTE PATH>/schedule.inflight.js",
      },
      "@winglang/sdk.cloud.Secret": {
        "className": "Secret",
        "sourcePath": "<ABSOLUTE PATH>/secret.inflight.js",
      },
      "@winglang/sdk.cloud.Service": {
        "className": "Service",
        "sourcePath": "<ABSOLUTE PATH>/service.inflight.js",
      },
      "@winglang/sdk.cloud.Topic": {
        "className": "Topic",
        "sourcePath": "<ABSOLUTE PATH>/topic.inflight.js",
      },
      "@winglang/sdk.cloud.Website": {
        "className": "Website",
        "sourcePath": "<ABSOLUTE PATH>/website.inflight.js",
      },
      "@winglang/sdk.ex.DynamodbTable": {
        "className": "DynamodbTable",
        "sourcePath": "<ABSOLUTE PATH>/dynamodb-table.inflight.js",
      },
      "@winglang/sdk.ex.ReactApp": {
        "className": "ReactApp",
        "sourcePath": "<ABSOLUTE PATH>/react-app.inflight.js",
      },
      "@winglang/sdk.ex.Redis": {
        "className": "Redis",
        "sourcePath": "<ABSOLUTE PATH>/redis.inflight.js",
      },
      "@winglang/sdk.ex.Table": {
        "className": "Table",
        "sourcePath": "<ABSOLUTE PATH>/table.inflight.js",
      },
      "@winglang/sdk.sim.EventMapping": {
        "className": "EventMapping",
        "sourcePath": "<ABSOLUTE PATH>/event-mapping.inflight.js",
      },
      "@winglang/sdk.sim.State": {
        "className": "State",
        "sourcePath": "<ABSOLUTE PATH>/state.inflight.js",
      },
      "@winglang/sdk.std.TestRunner": {
        "className": "TestRunner",
        "sourcePath": "<ABSOLUTE PATH>/test-runner.inflight.js",
      },
    },
  },
  "tree.json": {
    "tree": {
      "children": {
        "my_counter": {
          "constructInfo": {
            "fqn": "constructs.Construct",
            "version": "10.3.0",
          },
          "display": {
            "description": "A distributed atomic counter",
            "title": "Counter",
          },
          "id": "my_counter",
          "path": "root/my_counter",
        },
      },
      "constructInfo": {
        "fqn": "constructs.Construct",
        "version": "10.3.0",
      },
      "id": "root",
      "path": "root",
    },
    "version": "tree-0.1",
  },
}
`;

exports[`key set to new value 1`] = `
[
  "@winglang/sdk.cloud.Counter created.",
  "Set (value=5, key: my-key).",
  "Peek (value=5, key: my-key).",
  "@winglang/sdk.cloud.Counter deleted.",
]
`;

exports[`key set to new value 2`] = `
{
  "connections.json": {
    "connections": [],
    "version": "connections-0.1",
  },
  "simulator.json": {
    "resources": [
      {
        "addr": "c82c1419dede49fb73e65c4df6565dc606f828ef99",
        "attrs": {},
        "path": "root/my_counter",
        "props": {
          "initial": 0,
        },
        "type": "@winglang/sdk.cloud.Counter",
      },
    ],
    "sdkVersion": "0.0.0",
    "types": {
      "@winglang/sdk.cloud.Api": {
        "className": "Api",
        "sourcePath": "<ABSOLUTE PATH>/api.inflight.js",
      },
      "@winglang/sdk.cloud.Bucket": {
        "className": "Bucket",
        "sourcePath": "<ABSOLUTE PATH>/bucket.inflight.js",
      },
      "@winglang/sdk.cloud.Counter": {
        "className": "Counter",
        "sourcePath": "<ABSOLUTE PATH>/counter.inflight.js",
      },
      "@winglang/sdk.cloud.Domain": {
        "className": "Domain",
        "sourcePath": "<ABSOLUTE PATH>/domain.inflight.js",
      },
      "@winglang/sdk.cloud.Endpoint": {
        "className": "Endpoint",
        "sourcePath": "<ABSOLUTE PATH>/endpoint.inflight.js",
      },
      "@winglang/sdk.cloud.Function": {
        "className": "Function",
        "sourcePath": "<ABSOLUTE PATH>/function.inflight.js",
      },
      "@winglang/sdk.cloud.OnDeploy": {
        "className": "OnDeploy",
        "sourcePath": "<ABSOLUTE PATH>/on-deploy.inflight.js",
      },
      "@winglang/sdk.cloud.Queue": {
        "className": "Queue",
        "sourcePath": "<ABSOLUTE PATH>/queue.inflight.js",
      },
      "@winglang/sdk.cloud.Schedule": {
        "className": "Schedule",
        "sourcePath": "<ABSOLUTE PATH>/schedule.inflight.js",
      },
      "@winglang/sdk.cloud.Secret": {
        "className": "Secret",
        "sourcePath": "<ABSOLUTE PATH>/secret.inflight.js",
      },
      "@winglang/sdk.cloud.Service": {
        "className": "Service",
        "sourcePath": "<ABSOLUTE PATH>/service.inflight.js",
      },
      "@winglang/sdk.cloud.Topic": {
        "className": "Topic",
        "sourcePath": "<ABSOLUTE PATH>/topic.inflight.js",
      },
      "@winglang/sdk.cloud.Website": {
        "className": "Website",
        "sourcePath": "<ABSOLUTE PATH>/website.inflight.js",
      },
      "@winglang/sdk.ex.DynamodbTable": {
        "className": "DynamodbTable",
        "sourcePath": "<ABSOLUTE PATH>/dynamodb-table.inflight.js",
      },
      "@winglang/sdk.ex.ReactApp": {
        "className": "ReactApp",
        "sourcePath": "<ABSOLUTE PATH>/react-app.inflight.js",
      },
      "@winglang/sdk.ex.Redis": {
        "className": "Redis",
        "sourcePath": "<ABSOLUTE PATH>/redis.inflight.js",
      },
      "@winglang/sdk.ex.Table": {
        "className": "Table",
        "sourcePath": "<ABSOLUTE PATH>/table.inflight.js",
      },
      "@winglang/sdk.sim.EventMapping": {
        "className": "EventMapping",
        "sourcePath": "<ABSOLUTE PATH>/event-mapping.inflight.js",
      },
      "@winglang/sdk.sim.State": {
        "className": "State",
        "sourcePath": "<ABSOLUTE PATH>/state.inflight.js",
      },
      "@winglang/sdk.std.TestRunner": {
        "className": "TestRunner",
        "sourcePath": "<ABSOLUTE PATH>/test-runner.inflight.js",
      },
    },
  },
  "tree.json": {
    "tree": {
      "children": {
        "my_counter": {
          "constructInfo": {
            "fqn": "constructs.Construct",
            "version": "10.3.0",
          },
          "display": {
            "description": "A distributed atomic counter",
            "title": "Counter",
          },
          "id": "my_counter",
          "path": "root/my_counter",
        },
      },
      "constructInfo": {
        "fqn": "constructs.Construct",
        "version": "10.3.0",
      },
      "id": "root",
      "path": "root",
    },
    "version": "tree-0.1",
  },
}
`;

exports[`set to new value 1`] = `
[
  "@winglang/sdk.cloud.Counter created.",
  "Set (value=5).",
  "Peek (value=5).",
  "@winglang/sdk.cloud.Counter deleted.",
]
`;

exports[`set to new value 2`] = `
{
  "connections.json": {
    "connections": [],
    "version": "connections-0.1",
  },
  "simulator.json": {
    "resources": [
      {
        "addr": "c82c1419dede49fb73e65c4df6565dc606f828ef99",
        "attrs": {},
        "path": "root/my_counter",
        "props": {
          "initial": 123,
        },
        "type": "@winglang/sdk.cloud.Counter",
      },
    ],
    "sdkVersion": "0.0.0",
    "types": {
      "@winglang/sdk.cloud.Api": {
        "className": "Api",
        "sourcePath": "<ABSOLUTE PATH>/api.inflight.js",
      },
      "@winglang/sdk.cloud.Bucket": {
        "className": "Bucket",
        "sourcePath": "<ABSOLUTE PATH>/bucket.inflight.js",
      },
      "@winglang/sdk.cloud.Counter": {
        "className": "Counter",
        "sourcePath": "<ABSOLUTE PATH>/counter.inflight.js",
      },
      "@winglang/sdk.cloud.Domain": {
        "className": "Domain",
        "sourcePath": "<ABSOLUTE PATH>/domain.inflight.js",
      },
      "@winglang/sdk.cloud.Endpoint": {
        "className": "Endpoint",
        "sourcePath": "<ABSOLUTE PATH>/endpoint.inflight.js",
      },
      "@winglang/sdk.cloud.Function": {
        "className": "Function",
        "sourcePath": "<ABSOLUTE PATH>/function.inflight.js",
      },
      "@winglang/sdk.cloud.OnDeploy": {
        "className": "OnDeploy",
        "sourcePath": "<ABSOLUTE PATH>/on-deploy.inflight.js",
      },
      "@winglang/sdk.cloud.Queue": {
        "className": "Queue",
        "sourcePath": "<ABSOLUTE PATH>/queue.inflight.js",
      },
      "@winglang/sdk.cloud.Schedule": {
        "className": "Schedule",
        "sourcePath": "<ABSOLUTE PATH>/schedule.inflight.js",
      },
      "@winglang/sdk.cloud.Secret": {
        "className": "Secret",
        "sourcePath": "<ABSOLUTE PATH>/secret.inflight.js",
      },
      "@winglang/sdk.cloud.Service": {
        "className": "Service",
        "sourcePath": "<ABSOLUTE PATH>/service.inflight.js",
      },
      "@winglang/sdk.cloud.Topic": {
        "className": "Topic",
        "sourcePath": "<ABSOLUTE PATH>/topic.inflight.js",
      },
      "@winglang/sdk.cloud.Website": {
        "className": "Website",
        "sourcePath": "<ABSOLUTE PATH>/website.inflight.js",
      },
      "@winglang/sdk.ex.DynamodbTable": {
        "className": "DynamodbTable",
        "sourcePath": "<ABSOLUTE PATH>/dynamodb-table.inflight.js",
      },
      "@winglang/sdk.ex.ReactApp": {
        "className": "ReactApp",
        "sourcePath": "<ABSOLUTE PATH>/react-app.inflight.js",
      },
      "@winglang/sdk.ex.Redis": {
        "className": "Redis",
        "sourcePath": "<ABSOLUTE PATH>/redis.inflight.js",
      },
      "@winglang/sdk.ex.Table": {
        "className": "Table",
        "sourcePath": "<ABSOLUTE PATH>/table.inflight.js",
      },
      "@winglang/sdk.sim.EventMapping": {
        "className": "EventMapping",
        "sourcePath": "<ABSOLUTE PATH>/event-mapping.inflight.js",
      },
      "@winglang/sdk.sim.State": {
        "className": "State",
        "sourcePath": "<ABSOLUTE PATH>/state.inflight.js",
      },
      "@winglang/sdk.std.TestRunner": {
        "className": "TestRunner",
        "sourcePath": "<ABSOLUTE PATH>/test-runner.inflight.js",
      },
    },
  },
  "tree.json": {
    "tree": {
      "children": {
        "my_counter": {
          "constructInfo": {
            "fqn": "constructs.Construct",
            "version": "10.3.0",
          },
          "display": {
            "description": "A distributed atomic counter",
            "title": "Counter",
          },
          "id": "my_counter",
          "path": "root/my_counter",
        },
      },
      "constructInfo": {
        "fqn": "constructs.Construct",
        "version": "10.3.0",
      },
      "id": "root",
      "path": "root",
    },
    "version": "tree-0.1",
  },
}
`;
