---
source: libs/wingc/src/lsp/hover.rs
---
contents:
  kind: markdown
  value: "```wing\npreflight bucket: Bucket\nclass Bucket\n```\n---\nA cloud object store."
range:
  start:
    line: 3
    character: 6
  end:
    line: 3
    character: 12

