---
source: libs/wingc/src/lsp/hover.rs
---
contents:
  kind: markdown
  value: "```wing\nclass Test\n```\n---\nA unit test."
range:
  start:
    line: 1
    character: 0
  end:
    line: 1
    character: 4

