---
source: libs/wingc/src/lsp/completions.rs
---
- label: "x:"
  kind: 5
  detail: str
  sortText: "ab|a|x:"
  insertText: "x: $1"
  insertTextFormat: 2
  command:
    title: triggerCompletion
    command: editor.action.triggerSuggest
- label: "y:"
  kind: 5
  detail: num
  sortText: "ab|a|y:"
  insertText: "y: $1"
  insertTextFormat: 2
  command:
    title: triggerCompletion
    command: editor.action.triggerSuggest

